/* yallie@yandex.ru */ P{e.1 = <Prout e.1>} C{s.1=<Chr s.1>} $ENTRY Go{=<T
('/* yallie@yandex.ru */ P{e.1 = <Prout e.1>} C{s.1=<Chr s.1>} $ENTRY Go{=<T')
('>}T{(e.1)(e.2)=<P e.1><P <T e.1>><P <T e.2>><P e.2>;e.1=(<C 39>e.1<C 39>)}')
>}T{(e.1)(e.2)=<P e.1><P <T e.1>><P <T e.2>><P e.2>;e.1=(<C 39>e.1<C 39>)}
